running egg_info
writing ../../build/navigation/navigation.egg-info/PKG-INFO
writing dependency_links to ../../build/navigation/navigation.egg-info/dependency_links.txt
writing entry points to ../../build/navigation/navigation.egg-info/entry_points.txt
writing requirements to ../../build/navigation/navigation.egg-info/requires.txt
writing top-level names to ../../build/navigation/navigation.egg-info/top_level.txt
reading manifest file '../../build/navigation/navigation.egg-info/SOURCES.txt'
writing manifest file '../../build/navigation/navigation.egg-info/SOURCES.txt'
running build
running build_py
copying navigation/obstacle_avoidance_node.py -> /home/elyssa/robot_ws/build/navigation/build/lib/navigation
running install
running install_lib
creating /home/elyssa/robot_ws/install/navigation/lib/python3.11/site-packages/navigation
copying /home/elyssa/robot_ws/build/navigation/build/lib/navigation/obstacle_avoidance_node.py -> /home/elyssa/robot_ws/install/navigation/lib/python3.11/site-packages/navigation
copying /home/elyssa/robot_ws/build/navigation/build/lib/navigation/lidar_test.py -> /home/elyssa/robot_ws/install/navigation/lib/python3.11/site-packages/navigation
copying /home/elyssa/robot_ws/build/navigation/build/lib/navigation/__init__.py -> /home/elyssa/robot_ws/install/navigation/lib/python3.11/site-packages/navigation
copying /home/elyssa/robot_ws/build/navigation/build/lib/navigation/navigation_node.py -> /home/elyssa/robot_ws/install/navigation/lib/python3.11/site-packages/navigation
copying /home/elyssa/robot_ws/build/navigation/build/lib/navigation/lidar_node.py -> /home/elyssa/robot_ws/install/navigation/lib/python3.11/site-packages/navigation
byte-compiling /home/elyssa/robot_ws/install/navigation/lib/python3.11/site-packages/navigation/obstacle_avoidance_node.py to obstacle_avoidance_node.cpython-311.pyc
byte-compiling /home/elyssa/robot_ws/install/navigation/lib/python3.11/site-packages/navigation/lidar_test.py to lidar_test.cpython-311.pyc
byte-compiling /home/elyssa/robot_ws/install/navigation/lib/python3.11/site-packages/navigation/__init__.py to __init__.cpython-311.pyc
byte-compiling /home/elyssa/robot_ws/install/navigation/lib/python3.11/site-packages/navigation/navigation_node.py to navigation_node.cpython-311.pyc
byte-compiling /home/elyssa/robot_ws/install/navigation/lib/python3.11/site-packages/navigation/lidar_node.py to lidar_node.cpython-311.pyc
running install_data
copying launch/lidar_avoidance.launch.py -> /home/elyssa/robot_ws/install/navigation/share/navigation/launch
running install_egg_info
Copying ../../build/navigation/navigation.egg-info to /home/elyssa/robot_ws/install/navigation/lib/python3.11/site-packages/navigation-0.1.0-py3.11.egg-info
running install_scripts
Installing lidar_test script to /home/elyssa/robot_ws/install/navigation/bin
Installing obstacle_avoidance_node script to /home/elyssa/robot_ws/install/navigation/bin
writing list of installed files to '/home/elyssa/robot_ws/build/navigation/install.log'
