[0.684s] Invoking command in '/workspace/src/vision': PYTHONPATH=/workspace/build/vision/prefix_override:/usr/lib/python3/dist-packages/colcon_core/task/python/colcon_distutils_commands:/workspace/install/vision/lib/python3.10/site-packages:${PYTHONPATH} /usr/bin/python3 -W ignore:setup.py install is deprecated -W ignore:easy_install command is deprecated setup.py egg_info --egg-base ../../build/vision build --build-base /workspace/build/vision/build install --record /workspace/build/vision/install.log --single-version-externally-managed install_data
[0.935s] running egg_info
[0.937s] writing ../../build/vision/vision.egg-info/PKG-INFO
[0.937s] writing dependency_links to ../../build/vision/vision.egg-info/dependency_links.txt
[0.938s] writing entry points to ../../build/vision/vision.egg-info/entry_points.txt
[0.938s] writing requirements to ../../build/vision/vision.egg-info/requires.txt
[0.939s] writing top-level names to ../../build/vision/vision.egg-info/top_level.txt
[0.940s] reading manifest file '../../build/vision/vision.egg-info/SOURCES.txt'
[0.941s] writing manifest file '../../build/vision/vision.egg-info/SOURCES.txt'
[0.941s] running build
[0.941s] running build_py
[0.941s] copying vision/aruco_detector_node.py -> /workspace/build/vision/build/lib/vision
[0.944s] running install
[0.944s] running install_lib
[0.944s] copying /workspace/build/vision/build/lib/vision/aruco_detector_node.py -> /workspace/install/vision/lib/python3.10/site-packages/vision
[0.944s] byte-compiling /workspace/install/vision/lib/python3.10/site-packages/vision/aruco_detector_node.py to aruco_detector_node.cpython-310.pyc
[0.948s] running install_data
[0.948s] running install_egg_info
[0.950s] removing '/workspace/install/vision/lib/python3.10/site-packages/vision-0.1.0-py3.10.egg-info' (and everything under it)
[0.951s] Copying ../../build/vision/vision.egg-info to /workspace/install/vision/lib/python3.10/site-packages/vision-0.1.0-py3.10.egg-info
[0.952s] running install_scripts
[0.978s] Installing aruco_detector_node script to /workspace/install/vision/bin
[0.979s] writing list of installed files to '/workspace/build/vision/install.log'
[1.028s] Invoked command in '/workspace/src/vision' returned '0': PYTHONPATH=/workspace/build/vision/prefix_override:/usr/lib/python3/dist-packages/colcon_core/task/python/colcon_distutils_commands:/workspace/install/vision/lib/python3.10/site-packages:${PYTHONPATH} /usr/bin/python3 -W ignore:setup.py install is deprecated -W ignore:easy_install command is deprecated setup.py egg_info --egg-base ../../build/vision build --build-base /workspace/build/vision/build install --record /workspace/build/vision/install.log --single-version-externally-managed install_data
