[1.952s] Invoking command in '/home/elyssa/robot_ws/src/navigation': PYTHONPATH=/home/elyssa/robot_ws/build/navigation/prefix_override:/usr/local/lib/python3.11/dist-packages/colcon_core/task/python/colcon_distutils_commands:/home/elyssa/robot_ws/install/navigation/lib/python3.11/site-packages:${PYTHONPATH} /usr/bin/python3 -W ignore:setup.py install is deprecated -W ignore:easy_install command is deprecated setup.py egg_info --egg-base ../../build/navigation build --build-base /home/elyssa/robot_ws/build/navigation/build install --record /home/elyssa/robot_ws/build/navigation/install.log --single-version-externally-managed install_data
[2.294s] running egg_info
[2.304s] writing ../../build/navigation/navigation.egg-info/PKG-INFO
[2.305s] writing dependency_links to ../../build/navigation/navigation.egg-info/dependency_links.txt
[2.305s] writing entry points to ../../build/navigation/navigation.egg-info/entry_points.txt
[2.305s] writing requirements to ../../build/navigation/navigation.egg-info/requires.txt
[2.305s] writing top-level names to ../../build/navigation/navigation.egg-info/top_level.txt
[2.327s] reading manifest file '../../build/navigation/navigation.egg-info/SOURCES.txt'
[2.329s] writing manifest file '../../build/navigation/navigation.egg-info/SOURCES.txt'
[2.329s] running build
[2.329s] running build_py
[2.329s] running install
[2.337s] running install_lib
[2.349s] running install_data
[2.350s] running install_egg_info
[2.361s] removing '/home/elyssa/robot_ws/install/navigation/lib/python3.11/site-packages/navigation-0.1.0-py3.11.egg-info' (and everything under it)
[2.362s] Copying ../../build/navigation/navigation.egg-info to /home/elyssa/robot_ws/install/navigation/lib/python3.11/site-packages/navigation-0.1.0-py3.11.egg-info
[2.363s] running install_scripts
[2.421s] Installing lidar_test script to /home/elyssa/robot_ws/install/navigation/bin
[2.422s] Installing obstacle_avoidance_node script to /home/elyssa/robot_ws/install/navigation/bin
[2.422s] writing list of installed files to '/home/elyssa/robot_ws/build/navigation/install.log'
