/workspace/install/navigation/lib/python3.10/site-packages/navigation/obstacle_avoidance_node.py
/workspace/install/navigation/lib/python3.10/site-packages/navigation/lidar_test.py
/workspace/install/navigation/lib/python3.10/site-packages/navigation/__init__.py
/workspace/install/navigation/lib/python3.10/site-packages/navigation/navigation_node.py
/workspace/install/navigation/lib/python3.10/site-packages/navigation/lidar_node.py
/workspace/install/navigation/lib/python3.10/site-packages/navigation/__pycache__/obstacle_avoidance_node.cpython-310.pyc
/workspace/install/navigation/lib/python3.10/site-packages/navigation/__pycache__/lidar_test.cpython-310.pyc
/workspace/install/navigation/lib/python3.10/site-packages/navigation/__pycache__/__init__.cpython-310.pyc
/workspace/install/navigation/lib/python3.10/site-packages/navigation/__pycache__/navigation_node.cpython-310.pyc
/workspace/install/navigation/lib/python3.10/site-packages/navigation/__pycache__/lidar_node.cpython-310.pyc
/workspace/install/navigation/share/ament_index/resource_index/packages/navigation
/workspace/install/navigation/share/navigation/package.xml
/workspace/install/navigation/share/navigation/launch/navigation_full.launch.py
/workspace/install/navigation/share/navigation/launch/lidar_test.launch.py
/workspace/install/navigation/share/navigation/launch/lidar_avoidance.launch.py
/workspace/install/navigation/lib/python3.10/site-packages/navigation-0.1.0-py3.10.egg-info/dependency_links.txt
/workspace/install/navigation/lib/python3.10/site-packages/navigation-0.1.0-py3.10.egg-info/zip-safe
/workspace/install/navigation/lib/python3.10/site-packages/navigation-0.1.0-py3.10.egg-info/SOURCES.txt
/workspace/install/navigation/lib/python3.10/site-packages/navigation-0.1.0-py3.10.egg-info/top_level.txt
/workspace/install/navigation/lib/python3.10/site-packages/navigation-0.1.0-py3.10.egg-info/entry_points.txt
/workspace/install/navigation/lib/python3.10/site-packages/navigation-0.1.0-py3.10.egg-info/requires.txt
/workspace/install/navigation/lib/python3.10/site-packages/navigation-0.1.0-py3.10.egg-info/PKG-INFO
/workspace/install/navigation/bin/lidar_test
/workspace/install/navigation/bin/obstacle_avoidance_node
