running develop
running egg_info
writing vision.egg-info/PKG-INFO
writing dependency_links to vision.egg-info/dependency_links.txt
writing entry points to vision.egg-info/entry_points.txt
writing requirements to vision.egg-info/requires.txt
writing top-level names to vision.egg-info/top_level.txt
reading manifest file 'vision.egg-info/SOURCES.txt'
writing manifest file 'vision.egg-info/SOURCES.txt'
running build_ext
Creating /workspace/install/vision/lib/python3.10/site-packages/vision.egg-link (link to .)
Installing aruco_detector_node script to /workspace/install/vision/bin

Installed /workspace/build/vision
running symlink_data
symbolically linking /workspace/build/vision/resource/vision -> /workspace/install/vision/share/ament_index/resource_index/packages
symbolically linking /workspace/build/vision/package.xml -> /workspace/install/vision/share/vision
creating /workspace/install/vision/share/vision/launch
symbolically linking /workspace/build/vision/launch/aruco_detector.launch.py -> /workspace/install/vision/share/vision/launch
symbolically linking /workspace/build/vision/launch/camera.launch.py -> /workspace/install/vision/share/vision/launch
symbolically linking /workspace/build/vision/launch/vision_full.launch.py -> /workspace/install/vision/share/vision/launch
creating /workspace/install/vision/share/vision/config
symbolically linking /workspace/build/vision/config/aruco_params.yaml -> /workspace/install/vision/share/vision/config
symbolically linking /workspace/build/vision/config/box_detection_params.yaml -> /workspace/install/vision/share/vision/config
symbolically linking /workspace/build/vision/config/camera_params.yaml -> /workspace/install/vision/share/vision/config
creating /workspace/install/vision/share/vision/rviz
symbolically linking /workspace/build/vision/rviz/vision.rviz -> /workspace/install/vision/share/vision/rviz
