[0.677s] Invoking command in '/workspace/build/vision': PYTHONPATH=/workspace/build/vision/prefix_override:/usr/lib/python3/dist-packages/colcon_core/task/python/colcon_distutils_commands:/workspace/install/vision/lib/python3.10/site-packages:${PYTHONPATH} /usr/bin/python3 -W ignore:setup.py install is deprecated -W ignore:easy_install command is deprecated setup.py develop --editable --build-directory /workspace/build/vision/build --no-deps symlink_data
[0.951s] running develop
[1.102s] running egg_info
[1.102s] writing vision.egg-info/PKG-INFO
[1.102s] writing dependency_links to vision.egg-info/dependency_links.txt
[1.102s] writing entry points to vision.egg-info/entry_points.txt
[1.103s] writing requirements to vision.egg-info/requires.txt
[1.103s] writing top-level names to vision.egg-info/top_level.txt
[1.105s] reading manifest file 'vision.egg-info/SOURCES.txt'
[1.106s] writing manifest file 'vision.egg-info/SOURCES.txt'
[1.108s] running build_ext
[1.108s] Creating /workspace/install/vision/lib/python3.10/site-packages/vision.egg-link (link to .)
[1.109s] Installing aruco_detector_node script to /workspace/install/vision/bin
[1.109s] 
[1.109s] Installed /workspace/build/vision
[1.110s] running symlink_data
[1.110s] symbolically linking /workspace/build/vision/resource/vision -> /workspace/install/vision/share/ament_index/resource_index/packages
[1.110s] symbolically linking /workspace/build/vision/package.xml -> /workspace/install/vision/share/vision
[1.110s] creating /workspace/install/vision/share/vision/launch
[1.110s] symbolically linking /workspace/build/vision/launch/aruco_detector.launch.py -> /workspace/install/vision/share/vision/launch
[1.110s] symbolically linking /workspace/build/vision/launch/camera.launch.py -> /workspace/install/vision/share/vision/launch
[1.110s] symbolically linking /workspace/build/vision/launch/vision_full.launch.py -> /workspace/install/vision/share/vision/launch
[1.110s] creating /workspace/install/vision/share/vision/config
[1.110s] symbolically linking /workspace/build/vision/config/aruco_params.yaml -> /workspace/install/vision/share/vision/config
[1.111s] symbolically linking /workspace/build/vision/config/box_detection_params.yaml -> /workspace/install/vision/share/vision/config
[1.111s] symbolically linking /workspace/build/vision/config/camera_params.yaml -> /workspace/install/vision/share/vision/config
[1.111s] creating /workspace/install/vision/share/vision/rviz
[1.111s] symbolically linking /workspace/build/vision/rviz/vision.rviz -> /workspace/install/vision/share/vision/rviz
[1.166s] Invoked command in '/workspace/build/vision' returned '0': PYTHONPATH=/workspace/build/vision/prefix_override:/usr/lib/python3/dist-packages/colcon_core/task/python/colcon_distutils_commands:/workspace/install/vision/lib/python3.10/site-packages:${PYTHONPATH} /usr/bin/python3 -W ignore:setup.py install is deprecated -W ignore:easy_install command is deprecated setup.py develop --editable --build-directory /workspace/build/vision/build --no-deps symlink_data
