[0.695s] Invoking command in '/workspace/build/navigation': PYTHONPATH=/workspace/build/navigation/prefix_override:/usr/lib/python3/dist-packages/colcon_core/task/python/colcon_distutils_commands:/workspace/install/navigation/lib/python3.10/site-packages: /usr/bin/python3 -W ignore:setup.py install is deprecated -W ignore:easy_install command is deprecated setup.py develop --editable --build-directory /workspace/build/navigation/build --no-deps symlink_data
[0.892s] running develop
[0.938s] running egg_info
[0.938s] creating navigation.egg-info
[0.938s] writing navigation.egg-info/PKG-INFO
[0.939s] writing dependency_links to navigation.egg-info/dependency_links.txt
[0.939s] writing entry points to navigation.egg-info/entry_points.txt
[0.939s] writing requirements to navigation.egg-info/requires.txt
[0.939s] writing top-level names to navigation.egg-info/top_level.txt
[0.939s] writing manifest file 'navigation.egg-info/SOURCES.txt'
[0.941s] reading manifest file 'navigation.egg-info/SOURCES.txt'
[0.941s] writing manifest file 'navigation.egg-info/SOURCES.txt'
[0.943s] running build_ext
[0.943s] Creating /workspace/install/navigation/lib/python3.10/site-packages/navigation.egg-link (link to .)
[0.944s] Installing obstacle_avoidance_node script to /workspace/install/navigation/bin
[0.944s] 
[0.944s] Installed /workspace/build/navigation
[0.944s] running symlink_data
[0.944s] creating /workspace/install/navigation/share
[0.944s] creating /workspace/install/navigation/share/ament_index
[0.945s] creating /workspace/install/navigation/share/ament_index/resource_index
[0.945s] creating /workspace/install/navigation/share/ament_index/resource_index/packages
[0.946s] error: can't copy '/workspace/build/navigation/resource/navigation': doesn't exist or not a regular file
[0.995s] Invoked command in '/workspace/build/navigation' returned '1': PYTHONPATH=/workspace/build/navigation/prefix_override:/usr/lib/python3/dist-packages/colcon_core/task/python/colcon_distutils_commands:/workspace/install/navigation/lib/python3.10/site-packages: /usr/bin/python3 -W ignore:setup.py install is deprecated -W ignore:easy_install command is deprecated setup.py develop --editable --build-directory /workspace/build/navigation/build --no-deps symlink_data
