running develop
running egg_info
creating strategy.egg-info
writing strategy.egg-info/PKG-INFO
writing dependency_links to strategy.egg-info/dependency_links.txt
writing entry points to strategy.egg-info/entry_points.txt
writing requirements to strategy.egg-info/requires.txt
writing top-level names to strategy.egg-info/top_level.txt
writing manifest file 'strategy.egg-info/SOURCES.txt'
reading manifest file 'strategy.egg-info/SOURCES.txt'
writing manifest file 'strategy.egg-info/SOURCES.txt'
running build_ext
Creating /workspace/install/strategy/lib/python3.10/site-packages/strategy.egg-link (link to .)
Installing mission_node script to /workspace/install/strategy/bin

Installed /workspace/build/strategy
running symlink_data
creating /workspace/install/strategy/share
creating /workspace/install/strategy/share/ament_index
creating /workspace/install/strategy/share/ament_index/resource_index
creating /workspace/install/strategy/share/ament_index/resource_index/packages
error: can't copy '/workspace/build/strategy/resource/strategy': doesn't exist or not a regular file
