[0.852s] Invoking command in '/workspace/build/strategy': PYTHONPATH=/workspace/build/strategy/prefix_override:/usr/lib/python3/dist-packages/colcon_core/task/python/colcon_distutils_commands:/workspace/install/strategy/lib/python3.10/site-packages:${PYTHONPATH} /usr/bin/python3 -W ignore:setup.py install is deprecated -W ignore:easy_install command is deprecated setup.py develop --editable --build-directory /workspace/build/strategy/build --no-deps symlink_data
[1.093s] running develop
[1.194s] running egg_info
[1.194s] creating strategy.egg-info
[1.194s] writing strategy.egg-info/PKG-INFO
[1.195s] writing dependency_links to strategy.egg-info/dependency_links.txt
[1.195s] writing entry points to strategy.egg-info/entry_points.txt
[1.195s] writing requirements to strategy.egg-info/requires.txt
[1.196s] writing top-level names to strategy.egg-info/top_level.txt
[1.196s] writing manifest file 'strategy.egg-info/SOURCES.txt'
[1.197s] reading manifest file 'strategy.egg-info/SOURCES.txt'
[1.197s] writing manifest file 'strategy.egg-info/SOURCES.txt'
[1.199s] running build_ext
[1.199s] Creating /workspace/install/strategy/lib/python3.10/site-packages/strategy.egg-link (link to .)
[1.200s] Installing mission_node script to /workspace/install/strategy/bin
[1.201s] 
[1.201s] Installed /workspace/build/strategy
[1.201s] running symlink_data
[1.202s] creating /workspace/install/strategy/share
[1.202s] creating /workspace/install/strategy/share/ament_index
[1.202s] creating /workspace/install/strategy/share/ament_index/resource_index
[1.203s] creating /workspace/install/strategy/share/ament_index/resource_index/packages
[1.203s] error: can't copy '/workspace/build/strategy/resource/strategy': doesn't exist or not a regular file
[1.255s] Invoked command in '/workspace/build/strategy' returned '1': PYTHONPATH=/workspace/build/strategy/prefix_override:/usr/lib/python3/dist-packages/colcon_core/task/python/colcon_distutils_commands:/workspace/install/strategy/lib/python3.10/site-packages:${PYTHONPATH} /usr/bin/python3 -W ignore:setup.py install is deprecated -W ignore:easy_install command is deprecated setup.py develop --editable --build-directory /workspace/build/strategy/build --no-deps symlink_data
