running develop
Removing /workspace/install/robot_bringup/lib/python3.10/site-packages/robot-bringup.egg-link (link to .)
running egg_info
writing ../../build/robot_bringup/robot_bringup.egg-info/PKG-INFO
writing dependency_links to ../../build/robot_bringup/robot_bringup.egg-info/dependency_links.txt
writing entry points to ../../build/robot_bringup/robot_bringup.egg-info/entry_points.txt
writing requirements to ../../build/robot_bringup/robot_bringup.egg-info/requires.txt
writing top-level names to ../../build/robot_bringup/robot_bringup.egg-info/top_level.txt
reading manifest file '../../build/robot_bringup/robot_bringup.egg-info/SOURCES.txt'
writing manifest file '../../build/robot_bringup/robot_bringup.egg-info/SOURCES.txt'
running build
running build_py
creating /workspace/build/robot_bringup/build
creating /workspace/build/robot_bringup/build/lib
creating /workspace/build/robot_bringup/build/lib/robot_bringup
copying robot_bringup/__init__.py -> /workspace/build/robot_bringup/build/lib/robot_bringup
running install
running install_lib
creating /workspace/install/robot_bringup/lib/python3.10/site-packages/robot_bringup
copying /workspace/build/robot_bringup/build/lib/robot_bringup/__init__.py -> /workspace/install/robot_bringup/lib/python3.10/site-packages/robot_bringup
byte-compiling /workspace/install/robot_bringup/lib/python3.10/site-packages/robot_bringup/__init__.py to __init__.cpython-310.pyc
running install_data
copying resource/robot_bringup -> /workspace/install/robot_bringup/share/ament_index/resource_index/packages
copying package.xml -> /workspace/install/robot_bringup/share/robot_bringup
copying launch/robot.launch.py -> /workspace/install/robot_bringup/share/robot_bringup/launch
copying launch/raspberry.launch.py -> /workspace/install/robot_bringup/share/robot_bringup/launch
copying config/robot_params.yaml -> /workspace/install/robot_bringup/share/robot_bringup/config
running install_egg_info
Copying ../../build/robot_bringup/robot_bringup.egg-info to /workspace/install/robot_bringup/lib/python3.10/site-packages/robot_bringup-0.1.0-py3.10.egg-info
running install_scripts
writing list of installed files to '/workspace/build/robot_bringup/install.log'
