[0.874s] Invoking command in '/workspace/build/robot_bringup': AMENT_PREFIX_PATH=/workspace/install/vision:/workspace/install/navigation:/workspace/install/robot_bringup:/workspace/install/strategy:/app/install/camera_ros:/opt/microros_ws/install/micro_ros_agent:/opt/microros_ws/install/micro_ros_msgs:/opt/ros/humble PATH=/workspace/install/vision/bin:/workspace/install/navigation/bin:/workspace/install/strategy/bin:/opt/ros/humble/bin:/usr/local/sbin:/usr/local/bin:/usr/sbin:/usr/bin:/sbin:/bin PYTHONPATH=/workspace/build/robot_bringup/prefix_override:/usr/lib/python3/dist-packages/colcon_core/task/python/colcon_distutils_commands:/workspace/install/robot_bringup/lib/python3.10/site-packages:/workspace/build/vision:/workspace/install/vision/lib/python3.10/site-packages:/workspace/build/navigation:/workspace/install/navigation/lib/python3.10/site-packages:/workspace/build/robot_bringup:/workspace/install/robot_bringup/lib/python3.10/site-packages:/workspace/build/strategy:/workspace/install/strategy/lib/python3.10/site-packages:/opt/microros_ws/install/micro_ros_msgs/local/lib/python3.10/dist-packages:/opt/ros/humble/lib/python3.10/site-packages:/opt/ros/humble/local/lib/python3.10/dist-packages /usr/bin/python3 -W ignore:setup.py install is deprecated -W ignore:easy_install command is deprecated setup.py develop --uninstall --editable --build-directory /workspace/build/robot_bringup/build
[1.147s] running develop
[1.254s] Removing /workspace/install/robot_bringup/lib/python3.10/site-packages/robot-bringup.egg-link (link to .)
[1.308s] Invoked command in '/workspace/build/robot_bringup' returned '0': AMENT_PREFIX_PATH=/workspace/install/vision:/workspace/install/navigation:/workspace/install/robot_bringup:/workspace/install/strategy:/app/install/camera_ros:/opt/microros_ws/install/micro_ros_agent:/opt/microros_ws/install/micro_ros_msgs:/opt/ros/humble PATH=/workspace/install/vision/bin:/workspace/install/navigation/bin:/workspace/install/strategy/bin:/opt/ros/humble/bin:/usr/local/sbin:/usr/local/bin:/usr/sbin:/usr/bin:/sbin:/bin PYTHONPATH=/workspace/build/robot_bringup/prefix_override:/usr/lib/python3/dist-packages/colcon_core/task/python/colcon_distutils_commands:/workspace/install/robot_bringup/lib/python3.10/site-packages:/workspace/build/vision:/workspace/install/vision/lib/python3.10/site-packages:/workspace/build/navigation:/workspace/install/navigation/lib/python3.10/site-packages:/workspace/build/robot_bringup:/workspace/install/robot_bringup/lib/python3.10/site-packages:/workspace/build/strategy:/workspace/install/strategy/lib/python3.10/site-packages:/opt/microros_ws/install/micro_ros_msgs/local/lib/python3.10/dist-packages:/opt/ros/humble/lib/python3.10/site-packages:/opt/ros/humble/local/lib/python3.10/dist-packages /usr/bin/python3 -W ignore:setup.py install is deprecated -W ignore:easy_install command is deprecated setup.py develop --uninstall --editable --build-directory /workspace/build/robot_bringup/build
[1.309s] Invoking command in '/workspace/src/robot_bringup': AMENT_PREFIX_PATH=/workspace/install/vision:/workspace/install/navigation:/workspace/install/robot_bringup:/workspace/install/strategy:/app/install/camera_ros:/opt/microros_ws/install/micro_ros_agent:/opt/microros_ws/install/micro_ros_msgs:/opt/ros/humble PATH=/workspace/install/vision/bin:/workspace/install/navigation/bin:/workspace/install/strategy/bin:/opt/ros/humble/bin:/usr/local/sbin:/usr/local/bin:/usr/sbin:/usr/bin:/sbin:/bin PYTHONPATH=/workspace/build/robot_bringup/prefix_override:/usr/lib/python3/dist-packages/colcon_core/task/python/colcon_distutils_commands:/workspace/install/robot_bringup/lib/python3.10/site-packages:/workspace/build/vision:/workspace/install/vision/lib/python3.10/site-packages:/workspace/build/navigation:/workspace/install/navigation/lib/python3.10/site-packages:/workspace/build/robot_bringup:/workspace/install/robot_bringup/lib/python3.10/site-packages:/workspace/build/strategy:/workspace/install/strategy/lib/python3.10/site-packages:/opt/microros_ws/install/micro_ros_msgs/local/lib/python3.10/dist-packages:/opt/ros/humble/lib/python3.10/site-packages:/opt/ros/humble/local/lib/python3.10/dist-packages /usr/bin/python3 -W ignore:setup.py install is deprecated -W ignore:easy_install command is deprecated setup.py egg_info --egg-base ../../build/robot_bringup build --build-base /workspace/build/robot_bringup/build install --record /workspace/build/robot_bringup/install.log --single-version-externally-managed install_data --force
[1.527s] running egg_info
[1.527s] writing ../../build/robot_bringup/robot_bringup.egg-info/PKG-INFO
[1.528s] writing dependency_links to ../../build/robot_bringup/robot_bringup.egg-info/dependency_links.txt
[1.528s] writing entry points to ../../build/robot_bringup/robot_bringup.egg-info/entry_points.txt
[1.528s] writing requirements to ../../build/robot_bringup/robot_bringup.egg-info/requires.txt
[1.529s] writing top-level names to ../../build/robot_bringup/robot_bringup.egg-info/top_level.txt
[1.530s] reading manifest file '../../build/robot_bringup/robot_bringup.egg-info/SOURCES.txt'
[1.532s] writing manifest file '../../build/robot_bringup/robot_bringup.egg-info/SOURCES.txt'
[1.532s] running build
[1.532s] running build_py
[1.532s] creating /workspace/build/robot_bringup/build
[1.532s] creating /workspace/build/robot_bringup/build/lib
[1.532s] creating /workspace/build/robot_bringup/build/lib/robot_bringup
[1.532s] copying robot_bringup/__init__.py -> /workspace/build/robot_bringup/build/lib/robot_bringup
[1.532s] running install
[1.533s] running install_lib
[1.534s] creating /workspace/install/robot_bringup/lib/python3.10/site-packages/robot_bringup
[1.537s] copying /workspace/build/robot_bringup/build/lib/robot_bringup/__init__.py -> /workspace/install/robot_bringup/lib/python3.10/site-packages/robot_bringup
[1.538s] byte-compiling /workspace/install/robot_bringup/lib/python3.10/site-packages/robot_bringup/__init__.py to __init__.cpython-310.pyc
[1.538s] running install_data
[1.538s] copying resource/robot_bringup -> /workspace/install/robot_bringup/share/ament_index/resource_index/packages
[1.538s] copying package.xml -> /workspace/install/robot_bringup/share/robot_bringup
[1.538s] copying launch/robot.launch.py -> /workspace/install/robot_bringup/share/robot_bringup/launch
[1.538s] copying launch/raspberry.launch.py -> /workspace/install/robot_bringup/share/robot_bringup/launch
[1.539s] copying config/robot_params.yaml -> /workspace/install/robot_bringup/share/robot_bringup/config
[1.539s] running install_egg_info
[1.543s] Copying ../../build/robot_bringup/robot_bringup.egg-info to /workspace/install/robot_bringup/lib/python3.10/site-packages/robot_bringup-0.1.0-py3.10.egg-info
[1.544s] running install_scripts
[1.568s] writing list of installed files to '/workspace/build/robot_bringup/install.log'
[1.619s] Invoked command in '/workspace/src/robot_bringup' returned '0': AMENT_PREFIX_PATH=/workspace/install/vision:/workspace/install/navigation:/workspace/install/robot_bringup:/workspace/install/strategy:/app/install/camera_ros:/opt/microros_ws/install/micro_ros_agent:/opt/microros_ws/install/micro_ros_msgs:/opt/ros/humble PATH=/workspace/install/vision/bin:/workspace/install/navigation/bin:/workspace/install/strategy/bin:/opt/ros/humble/bin:/usr/local/sbin:/usr/local/bin:/usr/sbin:/usr/bin:/sbin:/bin PYTHONPATH=/workspace/build/robot_bringup/prefix_override:/usr/lib/python3/dist-packages/colcon_core/task/python/colcon_distutils_commands:/workspace/install/robot_bringup/lib/python3.10/site-packages:/workspace/build/vision:/workspace/install/vision/lib/python3.10/site-packages:/workspace/build/navigation:/workspace/install/navigation/lib/python3.10/site-packages:/workspace/build/robot_bringup:/workspace/install/robot_bringup/lib/python3.10/site-packages:/workspace/build/strategy:/workspace/install/strategy/lib/python3.10/site-packages:/opt/microros_ws/install/micro_ros_msgs/local/lib/python3.10/dist-packages:/opt/ros/humble/lib/python3.10/site-packages:/opt/ros/humble/local/lib/python3.10/dist-packages /usr/bin/python3 -W ignore:setup.py install is deprecated -W ignore:easy_install command is deprecated setup.py egg_info --egg-base ../../build/robot_bringup build --build-base /workspace/build/robot_bringup/build install --record /workspace/build/robot_bringup/install.log --single-version-externally-managed install_data --force
