[0.686s] Invoking command in '/workspace/src/vision': PYTHONPATH=/workspace/build/vision/prefix_override:/usr/lib/python3/dist-packages/colcon_core/task/python/colcon_distutils_commands:/workspace/install/vision/lib/python3.10/site-packages:${PYTHONPATH} /usr/bin/python3 -W ignore:setup.py install is deprecated -W ignore:easy_install command is deprecated setup.py egg_info --egg-base ../../build/vision build --build-base /workspace/build/vision/build install --record /workspace/build/vision/install.log --single-version-externally-managed install_data
[0.944s] running egg_info
[0.945s] creating ../../build/vision/vision.egg-info
[0.945s] writing ../../build/vision/vision.egg-info/PKG-INFO
[0.945s] writing dependency_links to ../../build/vision/vision.egg-info/dependency_links.txt
[0.946s] writing entry points to ../../build/vision/vision.egg-info/entry_points.txt
[0.946s] writing requirements to ../../build/vision/vision.egg-info/requires.txt
[0.946s] writing top-level names to ../../build/vision/vision.egg-info/top_level.txt
[0.946s] writing manifest file '../../build/vision/vision.egg-info/SOURCES.txt'
[0.948s] reading manifest file '../../build/vision/vision.egg-info/SOURCES.txt'
[0.949s] writing manifest file '../../build/vision/vision.egg-info/SOURCES.txt'
[0.949s] running build
[0.949s] running build_py
[0.949s] creating /workspace/build/vision/build
[0.949s] creating /workspace/build/vision/build/lib
[0.949s] creating /workspace/build/vision/build/lib/vision
[0.949s] copying vision/box_detector_node.py -> /workspace/build/vision/build/lib/vision
[0.949s] copying vision/aruco_detector_node.py -> /workspace/build/vision/build/lib/vision
[0.949s] copying vision/__init__.py -> /workspace/build/vision/build/lib/vision
[0.950s] copying vision/camera_node.py -> /workspace/build/vision/build/lib/vision
[0.950s] running install
[0.950s] running install_lib
[0.951s] creating /workspace/install/vision/lib/python3.10/site-packages/vision
[0.951s] copying /workspace/build/vision/build/lib/vision/box_detector_node.py -> /workspace/install/vision/lib/python3.10/site-packages/vision
[0.951s] copying /workspace/build/vision/build/lib/vision/aruco_detector_node.py -> /workspace/install/vision/lib/python3.10/site-packages/vision
[0.951s] copying /workspace/build/vision/build/lib/vision/__init__.py -> /workspace/install/vision/lib/python3.10/site-packages/vision
[0.951s] copying /workspace/build/vision/build/lib/vision/camera_node.py -> /workspace/install/vision/lib/python3.10/site-packages/vision
[0.952s] byte-compiling /workspace/install/vision/lib/python3.10/site-packages/vision/box_detector_node.py to box_detector_node.cpython-310.pyc
[0.952s] byte-compiling /workspace/install/vision/lib/python3.10/site-packages/vision/aruco_detector_node.py to aruco_detector_node.cpython-310.pyc
[0.955s] byte-compiling /workspace/install/vision/lib/python3.10/site-packages/vision/__init__.py to __init__.cpython-310.pyc
[0.955s] byte-compiling /workspace/install/vision/lib/python3.10/site-packages/vision/camera_node.py to camera_node.cpython-310.pyc
[0.955s] running install_data
[0.955s] creating /workspace/install/vision/share/ament_index
[0.956s] creating /workspace/install/vision/share/ament_index/resource_index
[0.956s] creating /workspace/install/vision/share/ament_index/resource_index/packages
[0.956s] copying resource/vision -> /workspace/install/vision/share/ament_index/resource_index/packages
[0.956s] copying package.xml -> /workspace/install/vision/share/vision
[0.956s] running install_egg_info
[0.958s] Copying ../../build/vision/vision.egg-info to /workspace/install/vision/lib/python3.10/site-packages/vision-0.1.0-py3.10.egg-info
[0.959s] running install_scripts
[0.984s] Installing aruco_detector_node script to /workspace/install/vision/bin
[0.985s] writing list of installed files to '/workspace/build/vision/install.log'
[1.041s] Invoked command in '/workspace/src/vision' returned '0': PYTHONPATH=/workspace/build/vision/prefix_override:/usr/lib/python3/dist-packages/colcon_core/task/python/colcon_distutils_commands:/workspace/install/vision/lib/python3.10/site-packages:${PYTHONPATH} /usr/bin/python3 -W ignore:setup.py install is deprecated -W ignore:easy_install command is deprecated setup.py egg_info --egg-base ../../build/vision build --build-base /workspace/build/vision/build install --record /workspace/build/vision/install.log --single-version-externally-managed install_data
