running egg_info
creating ../../build/vision/vision.egg-info
writing ../../build/vision/vision.egg-info/PKG-INFO
writing dependency_links to ../../build/vision/vision.egg-info/dependency_links.txt
writing entry points to ../../build/vision/vision.egg-info/entry_points.txt
writing requirements to ../../build/vision/vision.egg-info/requires.txt
writing top-level names to ../../build/vision/vision.egg-info/top_level.txt
writing manifest file '../../build/vision/vision.egg-info/SOURCES.txt'
reading manifest file '../../build/vision/vision.egg-info/SOURCES.txt'
writing manifest file '../../build/vision/vision.egg-info/SOURCES.txt'
running build
running build_py
creating /workspace/build/vision/build
creating /workspace/build/vision/build/lib
creating /workspace/build/vision/build/lib/vision
copying vision/box_detector_node.py -> /workspace/build/vision/build/lib/vision
copying vision/aruco_detector_node.py -> /workspace/build/vision/build/lib/vision
copying vision/__init__.py -> /workspace/build/vision/build/lib/vision
copying vision/camera_node.py -> /workspace/build/vision/build/lib/vision
running install
running install_lib
creating /workspace/install/vision/lib/python3.10/site-packages/vision
copying /workspace/build/vision/build/lib/vision/box_detector_node.py -> /workspace/install/vision/lib/python3.10/site-packages/vision
copying /workspace/build/vision/build/lib/vision/aruco_detector_node.py -> /workspace/install/vision/lib/python3.10/site-packages/vision
copying /workspace/build/vision/build/lib/vision/__init__.py -> /workspace/install/vision/lib/python3.10/site-packages/vision
copying /workspace/build/vision/build/lib/vision/camera_node.py -> /workspace/install/vision/lib/python3.10/site-packages/vision
byte-compiling /workspace/install/vision/lib/python3.10/site-packages/vision/box_detector_node.py to box_detector_node.cpython-310.pyc
byte-compiling /workspace/install/vision/lib/python3.10/site-packages/vision/aruco_detector_node.py to aruco_detector_node.cpython-310.pyc
byte-compiling /workspace/install/vision/lib/python3.10/site-packages/vision/__init__.py to __init__.cpython-310.pyc
byte-compiling /workspace/install/vision/lib/python3.10/site-packages/vision/camera_node.py to camera_node.cpython-310.pyc
running install_data
creating /workspace/install/vision/share/ament_index
creating /workspace/install/vision/share/ament_index/resource_index
creating /workspace/install/vision/share/ament_index/resource_index/packages
copying resource/vision -> /workspace/install/vision/share/ament_index/resource_index/packages
copying package.xml -> /workspace/install/vision/share/vision
running install_egg_info
Copying ../../build/vision/vision.egg-info to /workspace/install/vision/lib/python3.10/site-packages/vision-0.1.0-py3.10.egg-info
running install_scripts
Installing aruco_detector_node script to /workspace/install/vision/bin
writing list of installed files to '/workspace/build/vision/install.log'
