running egg_info
writing ../../build/navigation/navigation.egg-info/PKG-INFO
writing dependency_links to ../../build/navigation/navigation.egg-info/dependency_links.txt
writing entry points to ../../build/navigation/navigation.egg-info/entry_points.txt
writing requirements to ../../build/navigation/navigation.egg-info/requires.txt
writing top-level names to ../../build/navigation/navigation.egg-info/top_level.txt
reading manifest file '../../build/navigation/navigation.egg-info/SOURCES.txt'
writing manifest file '../../build/navigation/navigation.egg-info/SOURCES.txt'
running build
running build_py
copying navigation/lidar_test.py -> /workspace/build/navigation/build/lib/navigation
running install
running install_lib
copying /workspace/build/navigation/build/lib/navigation/lidar_test.py -> /workspace/install/navigation/lib/python3.10/site-packages/navigation
byte-compiling /workspace/install/navigation/lib/python3.10/site-packages/navigation/lidar_test.py to lidar_test.cpython-310.pyc
running install_data
running install_egg_info
removing '/workspace/install/navigation/lib/python3.10/site-packages/navigation-0.1.0-py3.10.egg-info' (and everything under it)
Copying ../../build/navigation/navigation.egg-info to /workspace/install/navigation/lib/python3.10/site-packages/navigation-0.1.0-py3.10.egg-info
running install_scripts
Installing lidar_test script to /workspace/install/navigation/bin
Installing obstacle_avoidance_node script to /workspace/install/navigation/bin
writing list of installed files to '/workspace/build/navigation/install.log'
