[0.682s] Invoking command in '/workspace/build/navigation': PYTHONPATH=/workspace/build/navigation/prefix_override:/usr/lib/python3/dist-packages/colcon_core/task/python/colcon_distutils_commands:/workspace/install/navigation/lib/python3.10/site-packages:${PYTHONPATH} /usr/bin/python3 -W ignore:setup.py install is deprecated -W ignore:easy_install command is deprecated setup.py develop --uninstall --editable --build-directory /workspace/build/navigation/build
[0.940s] running develop
[1.047s] Removing /workspace/install/navigation/lib/python3.10/site-packages/navigation.egg-link (link to .)
[1.101s] Invoked command in '/workspace/build/navigation' returned '0': PYTHONPATH=/workspace/build/navigation/prefix_override:/usr/lib/python3/dist-packages/colcon_core/task/python/colcon_distutils_commands:/workspace/install/navigation/lib/python3.10/site-packages:${PYTHONPATH} /usr/bin/python3 -W ignore:setup.py install is deprecated -W ignore:easy_install command is deprecated setup.py develop --uninstall --editable --build-directory /workspace/build/navigation/build
[1.102s] Invoking command in '/workspace/src/navigation': PYTHONPATH=/workspace/build/navigation/prefix_override:/usr/lib/python3/dist-packages/colcon_core/task/python/colcon_distutils_commands:/workspace/install/navigation/lib/python3.10/site-packages:${PYTHONPATH} /usr/bin/python3 -W ignore:setup.py install is deprecated -W ignore:easy_install command is deprecated setup.py egg_info --egg-base ../../build/navigation build --build-base /workspace/build/navigation/build install --record /workspace/build/navigation/install.log --single-version-externally-managed install_data --force
[1.321s] running egg_info
[1.321s] writing ../../build/navigation/navigation.egg-info/PKG-INFO
[1.322s] writing dependency_links to ../../build/navigation/navigation.egg-info/dependency_links.txt
[1.322s] writing entry points to ../../build/navigation/navigation.egg-info/entry_points.txt
[1.322s] writing requirements to ../../build/navigation/navigation.egg-info/requires.txt
[1.322s] writing top-level names to ../../build/navigation/navigation.egg-info/top_level.txt
[1.324s] reading manifest file '../../build/navigation/navigation.egg-info/SOURCES.txt'
[1.325s] writing manifest file '../../build/navigation/navigation.egg-info/SOURCES.txt'
[1.326s] running build
[1.326s] running build_py
[1.326s] copying navigation/obstacle_avoidance_node.py -> /workspace/build/navigation/build/lib/navigation
[1.326s] running install
[1.326s] running install_lib
[1.327s] copying /workspace/build/navigation/build/lib/navigation/obstacle_avoidance_node.py -> /workspace/install/navigation/lib/python3.10/site-packages/navigation
[1.328s] byte-compiling /workspace/install/navigation/lib/python3.10/site-packages/navigation/obstacle_avoidance_node.py to obstacle_avoidance_node.cpython-310.pyc
[1.330s] Sorry: IndentationError: expected an indented block after 'else' statement on line 153 (obstacle_avoidance_node.py, line 154)
[1.330s] running install_data
[1.330s] copying resource/navigation -> /workspace/install/navigation/share/ament_index/resource_index/packages
[1.330s] copying package.xml -> /workspace/install/navigation/share/navigation
[1.330s] copying launch/navigation_full.launch.py -> /workspace/install/navigation/share/navigation/launch
[1.330s] copying launch/lidar_avoidance.launch.py -> /workspace/install/navigation/share/navigation/launch
[1.331s] running install_egg_info
[1.335s] removing '/workspace/install/navigation/lib/python3.10/site-packages/navigation-0.1.0-py3.10.egg-info' (and everything under it)
[1.337s] Copying ../../build/navigation/navigation.egg-info to /workspace/install/navigation/lib/python3.10/site-packages/navigation-0.1.0-py3.10.egg-info
[1.338s] running install_scripts
[1.363s] Installing lidar_test script to /workspace/install/navigation/bin
[1.363s] Installing obstacle_avoidance_node script to /workspace/install/navigation/bin
[1.364s] writing list of installed files to '/workspace/build/navigation/install.log'
[1.414s] Invoked command in '/workspace/src/navigation' returned '0': PYTHONPATH=/workspace/build/navigation/prefix_override:/usr/lib/python3/dist-packages/colcon_core/task/python/colcon_distutils_commands:/workspace/install/navigation/lib/python3.10/site-packages:${PYTHONPATH} /usr/bin/python3 -W ignore:setup.py install is deprecated -W ignore:easy_install command is deprecated setup.py egg_info --egg-base ../../build/navigation build --build-base /workspace/build/navigation/build install --record /workspace/build/navigation/install.log --single-version-externally-managed install_data --force
