[0.679s] Invoking command in '/workspace/build/strategy': PYTHONPATH=/workspace/build/strategy/prefix_override:/usr/lib/python3/dist-packages/colcon_core/task/python/colcon_distutils_commands:/workspace/install/strategy/lib/python3.10/site-packages:${PYTHONPATH} /usr/bin/python3 -W ignore:setup.py install is deprecated -W ignore:easy_install command is deprecated setup.py develop --uninstall --editable --build-directory /workspace/build/strategy/build
[0.934s] running develop
[1.054s] Removing /workspace/install/strategy/lib/python3.10/site-packages/strategy.egg-link (link to .)
[1.106s] Invoked command in '/workspace/build/strategy' returned '0': PYTHONPATH=/workspace/build/strategy/prefix_override:/usr/lib/python3/dist-packages/colcon_core/task/python/colcon_distutils_commands:/workspace/install/strategy/lib/python3.10/site-packages:${PYTHONPATH} /usr/bin/python3 -W ignore:setup.py install is deprecated -W ignore:easy_install command is deprecated setup.py develop --uninstall --editable --build-directory /workspace/build/strategy/build
[1.107s] Invoking command in '/workspace/src/strategy': PYTHONPATH=/workspace/build/strategy/prefix_override:/usr/lib/python3/dist-packages/colcon_core/task/python/colcon_distutils_commands:/workspace/install/strategy/lib/python3.10/site-packages:${PYTHONPATH} /usr/bin/python3 -W ignore:setup.py install is deprecated -W ignore:easy_install command is deprecated setup.py egg_info --egg-base ../../build/strategy build --build-base /workspace/build/strategy/build install --record /workspace/build/strategy/install.log --single-version-externally-managed install_data --force
[1.321s] running egg_info
[1.322s] writing ../../build/strategy/strategy.egg-info/PKG-INFO
[1.322s] writing dependency_links to ../../build/strategy/strategy.egg-info/dependency_links.txt
[1.322s] writing entry points to ../../build/strategy/strategy.egg-info/entry_points.txt
[1.323s] writing requirements to ../../build/strategy/strategy.egg-info/requires.txt
[1.323s] writing top-level names to ../../build/strategy/strategy.egg-info/top_level.txt
[1.325s] reading manifest file '../../build/strategy/strategy.egg-info/SOURCES.txt'
[1.326s] writing manifest file '../../build/strategy/strategy.egg-info/SOURCES.txt'
[1.326s] running build
[1.326s] running build_py
[1.327s] creating /workspace/build/strategy/build
[1.327s] creating /workspace/build/strategy/build/lib
[1.327s] creating /workspace/build/strategy/build/lib/strategy
[1.327s] copying strategy/state_machine_node.py -> /workspace/build/strategy/build/lib/strategy
[1.327s] copying strategy/mission_planner_node.py -> /workspace/build/strategy/build/lib/strategy
[1.327s] copying strategy/__init__.py -> /workspace/build/strategy/build/lib/strategy
[1.327s] running install
[1.328s] running install_lib
[1.329s] creating /workspace/install/strategy/lib/python3.10/site-packages/strategy
[1.329s] copying /workspace/build/strategy/build/lib/strategy/state_machine_node.py -> /workspace/install/strategy/lib/python3.10/site-packages/strategy
[1.329s] copying /workspace/build/strategy/build/lib/strategy/mission_planner_node.py -> /workspace/install/strategy/lib/python3.10/site-packages/strategy
[1.329s] copying /workspace/build/strategy/build/lib/strategy/__init__.py -> /workspace/install/strategy/lib/python3.10/site-packages/strategy
[1.330s] byte-compiling /workspace/install/strategy/lib/python3.10/site-packages/strategy/state_machine_node.py to state_machine_node.cpython-310.pyc
[1.331s] Sorry: IndentationError: unexpected indent (state_machine_node.py, line 182)
[1.331s] byte-compiling /workspace/install/strategy/lib/python3.10/site-packages/strategy/mission_planner_node.py to mission_planner_node.cpython-310.pyc
[1.332s] byte-compiling /workspace/install/strategy/lib/python3.10/site-packages/strategy/__init__.py to __init__.cpython-310.pyc
[1.332s] running install_data
[1.332s] copying resource/strategy -> /workspace/install/strategy/share/ament_index/resource_index/packages
[1.332s] copying package.xml -> /workspace/install/strategy/share/strategy
[1.332s] copying launch/strategy.launch.py -> /workspace/install/strategy/share/strategy/launch
[1.332s] running install_egg_info
[1.336s] Copying ../../build/strategy/strategy.egg-info to /workspace/install/strategy/lib/python3.10/site-packages/strategy-0.1.0-py3.10.egg-info
[1.337s] running install_scripts
[1.361s] Installing mission_node script to /workspace/install/strategy/bin
[1.361s] writing list of installed files to '/workspace/build/strategy/install.log'
[1.410s] Invoked command in '/workspace/src/strategy' returned '0': PYTHONPATH=/workspace/build/strategy/prefix_override:/usr/lib/python3/dist-packages/colcon_core/task/python/colcon_distutils_commands:/workspace/install/strategy/lib/python3.10/site-packages:${PYTHONPATH} /usr/bin/python3 -W ignore:setup.py install is deprecated -W ignore:easy_install command is deprecated setup.py egg_info --egg-base ../../build/strategy build --build-base /workspace/build/strategy/build install --record /workspace/build/strategy/install.log --single-version-externally-managed install_data --force
