running develop
running egg_info
writing robot_bringup.egg-info/PKG-INFO
writing dependency_links to robot_bringup.egg-info/dependency_links.txt
writing entry points to robot_bringup.egg-info/entry_points.txt
writing requirements to robot_bringup.egg-info/requires.txt
writing top-level names to robot_bringup.egg-info/top_level.txt
reading manifest file 'robot_bringup.egg-info/SOURCES.txt'
writing manifest file 'robot_bringup.egg-info/SOURCES.txt'
running build_ext
Creating /workspace/install/robot_bringup/lib/python3.10/site-packages/robot-bringup.egg-link (link to .)

Installed /workspace/build/robot_bringup
running symlink_data
creating /workspace/install/robot_bringup/share
creating /workspace/install/robot_bringup/share/ament_index
creating /workspace/install/robot_bringup/share/ament_index/resource_index
creating /workspace/install/robot_bringup/share/ament_index/resource_index/packages
symbolically linking /workspace/build/robot_bringup/resource/robot_bringup -> /workspace/install/robot_bringup/share/ament_index/resource_index/packages
creating /workspace/install/robot_bringup/share/robot_bringup
symbolically linking /workspace/build/robot_bringup/package.xml -> /workspace/install/robot_bringup/share/robot_bringup
creating /workspace/install/robot_bringup/share/robot_bringup/launch
symbolically linking /workspace/build/robot_bringup/launch/robot.launch.py -> /workspace/install/robot_bringup/share/robot_bringup/launch
symbolically linking /workspace/build/robot_bringup/launch/raspberry.launch.py -> /workspace/install/robot_bringup/share/robot_bringup/launch
creating /workspace/install/robot_bringup/share/robot_bringup/config
symbolically linking /workspace/build/robot_bringup/config/robot_params.yaml -> /workspace/install/robot_bringup/share/robot_bringup/config
