[0.544s] Invoking command in '/workspace/build/navigation': PYTHONPATH=/workspace/build/navigation/prefix_override:/usr/lib/python3/dist-packages/colcon_core/task/python/colcon_distutils_commands:/workspace/install/navigation/lib/python3.10/site-packages: /usr/bin/python3 -W ignore:setup.py install is deprecated -W ignore:easy_install command is deprecated setup.py develop --editable --build-directory /workspace/build/navigation/build --no-deps symlink_data
[0.737s] running develop
[0.784s] running egg_info
[0.784s] writing navigation.egg-info/PKG-INFO
[0.784s] writing dependency_links to navigation.egg-info/dependency_links.txt
[0.785s] writing entry points to navigation.egg-info/entry_points.txt
[0.785s] writing requirements to navigation.egg-info/requires.txt
[0.785s] writing top-level names to navigation.egg-info/top_level.txt
[0.786s] reading manifest file 'navigation.egg-info/SOURCES.txt'
[0.787s] writing manifest file 'navigation.egg-info/SOURCES.txt'
[0.789s] running build_ext
[0.789s] Creating /workspace/install/navigation/lib/python3.10/site-packages/navigation.egg-link (link to .)
[0.790s] Installing obstacle_avoidance_node script to /workspace/install/navigation/bin
[0.790s] 
[0.790s] Installed /workspace/build/navigation
[0.791s] running symlink_data
[0.791s] symbolically linking /workspace/build/navigation/resource/navigation -> /workspace/install/navigation/share/ament_index/resource_index/packages
[0.792s] creating /workspace/install/navigation/share/navigation
[0.792s] symbolically linking /workspace/build/navigation/package.xml -> /workspace/install/navigation/share/navigation
[0.792s] creating /workspace/install/navigation/share/navigation/launch
[0.792s] symbolically linking /workspace/build/navigation/launch/lidar_avoidance.launch.py -> /workspace/install/navigation/share/navigation/launch
[0.842s] Invoked command in '/workspace/build/navigation' returned '0': PYTHONPATH=/workspace/build/navigation/prefix_override:/usr/lib/python3/dist-packages/colcon_core/task/python/colcon_distutils_commands:/workspace/install/navigation/lib/python3.10/site-packages: /usr/bin/python3 -W ignore:setup.py install is deprecated -W ignore:easy_install command is deprecated setup.py develop --editable --build-directory /workspace/build/navigation/build --no-deps symlink_data
