[0.673s] Invoking command in '/workspace/src/strategy': PYTHONPATH=/workspace/build/strategy/prefix_override:/usr/lib/python3/dist-packages/colcon_core/task/python/colcon_distutils_commands:/workspace/install/strategy/lib/python3.10/site-packages:${PYTHONPATH} /usr/bin/python3 -W ignore:setup.py install is deprecated -W ignore:easy_install command is deprecated setup.py egg_info --egg-base ../../build/strategy build --build-base /workspace/build/strategy/build install --record /workspace/build/strategy/install.log --single-version-externally-managed install_data
[0.896s] running egg_info
[0.897s] writing ../../build/strategy/strategy.egg-info/PKG-INFO
[0.898s] writing dependency_links to ../../build/strategy/strategy.egg-info/dependency_links.txt
[0.898s] writing entry points to ../../build/strategy/strategy.egg-info/entry_points.txt
[0.898s] writing requirements to ../../build/strategy/strategy.egg-info/requires.txt
[0.898s] writing top-level names to ../../build/strategy/strategy.egg-info/top_level.txt
[0.900s] reading manifest file '../../build/strategy/strategy.egg-info/SOURCES.txt'
[0.901s] writing manifest file '../../build/strategy/strategy.egg-info/SOURCES.txt'
[0.901s] running build
[0.901s] running build_py
[0.902s] copying strategy/state_machine_node.py -> /workspace/build/strategy/build/lib/strategy
[0.902s] running install
[0.902s] running install_lib
[0.903s] copying /workspace/build/strategy/build/lib/strategy/state_machine_node.py -> /workspace/install/strategy/lib/python3.10/site-packages/strategy
[0.904s] byte-compiling /workspace/install/strategy/lib/python3.10/site-packages/strategy/state_machine_node.py to state_machine_node.cpython-310.pyc
[0.907s] running install_data
[0.907s] running install_egg_info
[0.911s] removing '/workspace/install/strategy/lib/python3.10/site-packages/strategy-0.1.0-py3.10.egg-info' (and everything under it)
[0.911s] Copying ../../build/strategy/strategy.egg-info to /workspace/install/strategy/lib/python3.10/site-packages/strategy-0.1.0-py3.10.egg-info
[0.912s] running install_scripts
[0.936s] Installing mission_node script to /workspace/install/strategy/bin
[0.936s] writing list of installed files to '/workspace/build/strategy/install.log'
[0.985s] Invoked command in '/workspace/src/strategy' returned '0': PYTHONPATH=/workspace/build/strategy/prefix_override:/usr/lib/python3/dist-packages/colcon_core/task/python/colcon_distutils_commands:/workspace/install/strategy/lib/python3.10/site-packages:${PYTHONPATH} /usr/bin/python3 -W ignore:setup.py install is deprecated -W ignore:easy_install command is deprecated setup.py egg_info --egg-base ../../build/strategy build --build-base /workspace/build/strategy/build install --record /workspace/build/strategy/install.log --single-version-externally-managed install_data
