[0.861s] Invoking command in '/workspace/src/robot_bringup': AMENT_PREFIX_PATH=/workspace/install/vision:/workspace/install/navigation:/workspace/install/robot_bringup:/workspace/install/strategy:/app/install/camera_ros:/opt/microros_ws/install/micro_ros_agent:/opt/microros_ws/install/micro_ros_msgs:/opt/ros/humble PATH=/workspace/install/vision/bin:/workspace/install/navigation/bin:/workspace/install/strategy/bin:/opt/ros/humble/bin:/usr/local/sbin:/usr/local/bin:/usr/sbin:/usr/bin:/sbin:/bin PYTHONPATH=/workspace/build/robot_bringup/prefix_override:/usr/lib/python3/dist-packages/colcon_core/task/python/colcon_distutils_commands:/workspace/install/robot_bringup/lib/python3.10/site-packages:/workspace/build/vision:/workspace/install/vision/lib/python3.10/site-packages:/workspace/build/navigation:/workspace/install/navigation/lib/python3.10/site-packages:/workspace/install/robot_bringup/lib/python3.10/site-packages:/workspace/build/strategy:/workspace/install/strategy/lib/python3.10/site-packages:/opt/microros_ws/install/micro_ros_msgs/local/lib/python3.10/dist-packages:/opt/ros/humble/lib/python3.10/site-packages:/opt/ros/humble/local/lib/python3.10/dist-packages /usr/bin/python3 -W ignore:setup.py install is deprecated -W ignore:easy_install command is deprecated setup.py egg_info --egg-base ../../build/robot_bringup build --build-base /workspace/build/robot_bringup/build install --record /workspace/build/robot_bringup/install.log --single-version-externally-managed install_data
[1.088s] running egg_info
[1.088s] writing ../../build/robot_bringup/robot_bringup.egg-info/PKG-INFO
[1.089s] writing dependency_links to ../../build/robot_bringup/robot_bringup.egg-info/dependency_links.txt
[1.089s] writing entry points to ../../build/robot_bringup/robot_bringup.egg-info/entry_points.txt
[1.089s] writing requirements to ../../build/robot_bringup/robot_bringup.egg-info/requires.txt
[1.089s] writing top-level names to ../../build/robot_bringup/robot_bringup.egg-info/top_level.txt
[1.092s] reading manifest file '../../build/robot_bringup/robot_bringup.egg-info/SOURCES.txt'
[1.093s] writing manifest file '../../build/robot_bringup/robot_bringup.egg-info/SOURCES.txt'
[1.093s] running build
[1.093s] running build_py
[1.094s] running install
[1.094s] running install_lib
[1.096s] running install_data
[1.096s] copying launch/robot.launch.py -> /workspace/install/robot_bringup/share/robot_bringup/launch
[1.096s] running install_egg_info
[1.100s] removing '/workspace/install/robot_bringup/lib/python3.10/site-packages/robot_bringup-0.1.0-py3.10.egg-info' (and everything under it)
[1.103s] Copying ../../build/robot_bringup/robot_bringup.egg-info to /workspace/install/robot_bringup/lib/python3.10/site-packages/robot_bringup-0.1.0-py3.10.egg-info
[1.104s] running install_scripts
[1.132s] writing list of installed files to '/workspace/build/robot_bringup/install.log'
[1.185s] Invoked command in '/workspace/src/robot_bringup' returned '0': AMENT_PREFIX_PATH=/workspace/install/vision:/workspace/install/navigation:/workspace/install/robot_bringup:/workspace/install/strategy:/app/install/camera_ros:/opt/microros_ws/install/micro_ros_agent:/opt/microros_ws/install/micro_ros_msgs:/opt/ros/humble PATH=/workspace/install/vision/bin:/workspace/install/navigation/bin:/workspace/install/strategy/bin:/opt/ros/humble/bin:/usr/local/sbin:/usr/local/bin:/usr/sbin:/usr/bin:/sbin:/bin PYTHONPATH=/workspace/build/robot_bringup/prefix_override:/usr/lib/python3/dist-packages/colcon_core/task/python/colcon_distutils_commands:/workspace/install/robot_bringup/lib/python3.10/site-packages:/workspace/build/vision:/workspace/install/vision/lib/python3.10/site-packages:/workspace/build/navigation:/workspace/install/navigation/lib/python3.10/site-packages:/workspace/install/robot_bringup/lib/python3.10/site-packages:/workspace/build/strategy:/workspace/install/strategy/lib/python3.10/site-packages:/opt/microros_ws/install/micro_ros_msgs/local/lib/python3.10/dist-packages:/opt/ros/humble/lib/python3.10/site-packages:/opt/ros/humble/local/lib/python3.10/dist-packages /usr/bin/python3 -W ignore:setup.py install is deprecated -W ignore:easy_install command is deprecated setup.py egg_info --egg-base ../../build/robot_bringup build --build-base /workspace/build/robot_bringup/build install --record /workspace/build/robot_bringup/install.log --single-version-externally-managed install_data
