[1.891s] Invoking command in '/home/elyssa/robot_ws/src/vision': PYTHONPATH=/home/elyssa/robot_ws/build/vision/prefix_override:/usr/local/lib/python3.11/dist-packages/colcon_core/task/python/colcon_distutils_commands:/home/elyssa/robot_ws/install/vision/lib/python3.11/site-packages:${PYTHONPATH} /usr/bin/python3 -W ignore:setup.py install is deprecated -W ignore:easy_install command is deprecated setup.py egg_info --egg-base ../../build/vision build --build-base /home/elyssa/robot_ws/build/vision/build install --record /home/elyssa/robot_ws/build/vision/install.log --single-version-externally-managed install_data
[2.237s] running egg_info
[2.247s] writing ../../build/vision/vision.egg-info/PKG-INFO
[2.248s] writing dependency_links to ../../build/vision/vision.egg-info/dependency_links.txt
[2.248s] writing entry points to ../../build/vision/vision.egg-info/entry_points.txt
[2.248s] writing requirements to ../../build/vision/vision.egg-info/requires.txt
[2.249s] writing top-level names to ../../build/vision/vision.egg-info/top_level.txt
[2.269s] reading manifest file '../../build/vision/vision.egg-info/SOURCES.txt'
[2.270s] writing manifest file '../../build/vision/vision.egg-info/SOURCES.txt'
[2.271s] running build
[2.271s] running build_py
[2.271s] running install
[2.278s] running install_lib
[2.289s] running install_data
[2.289s] running install_egg_info
[2.301s] removing '/home/elyssa/robot_ws/install/vision/lib/python3.11/site-packages/vision-0.1.0-py3.11.egg-info' (and everything under it)
[2.301s] Copying ../../build/vision/vision.egg-info to /home/elyssa/robot_ws/install/vision/lib/python3.11/site-packages/vision-0.1.0-py3.11.egg-info
[2.302s] running install_scripts
[2.353s] Installing aruco_detector_node script to /home/elyssa/robot_ws/install/vision/bin
[2.353s] writing list of installed files to '/home/elyssa/robot_ws/build/vision/install.log'
