[0.743s] Invoking command in '/workspace/src/navigation': PYTHONPATH=/workspace/build/navigation/prefix_override:/usr/lib/python3/dist-packages/colcon_core/task/python/colcon_distutils_commands:/workspace/install/navigation/lib/python3.10/site-packages:${PYTHONPATH} /usr/bin/python3 -W ignore:setup.py install is deprecated -W ignore:easy_install command is deprecated setup.py egg_info --egg-base ../../build/navigation build --build-base /workspace/build/navigation/build install --record /workspace/build/navigation/install.log --single-version-externally-managed install_data
[0.967s] running egg_info
[0.968s] writing ../../build/navigation/navigation.egg-info/PKG-INFO
[0.968s] writing dependency_links to ../../build/navigation/navigation.egg-info/dependency_links.txt
[0.968s] writing entry points to ../../build/navigation/navigation.egg-info/entry_points.txt
[0.969s] writing requirements to ../../build/navigation/navigation.egg-info/requires.txt
[0.969s] writing top-level names to ../../build/navigation/navigation.egg-info/top_level.txt
[0.971s] reading manifest file '../../build/navigation/navigation.egg-info/SOURCES.txt'
[0.972s] writing manifest file '../../build/navigation/navigation.egg-info/SOURCES.txt'
[0.972s] running build
[0.972s] running build_py
[0.973s] copying navigation/obstacle_avoidance_node.py -> /workspace/build/navigation/build/lib/navigation
[0.973s] running install
[0.973s] running install_lib
[0.974s] copying /workspace/build/navigation/build/lib/navigation/obstacle_avoidance_node.py -> /workspace/install/navigation/lib/python3.10/site-packages/navigation
[0.976s] byte-compiling /workspace/install/navigation/lib/python3.10/site-packages/navigation/obstacle_avoidance_node.py to obstacle_avoidance_node.cpython-310.pyc
[0.980s] running install_data
[0.980s] running install_egg_info
[0.984s] removing '/workspace/install/navigation/lib/python3.10/site-packages/navigation-0.1.0-py3.10.egg-info' (and everything under it)
[0.984s] Copying ../../build/navigation/navigation.egg-info to /workspace/install/navigation/lib/python3.10/site-packages/navigation-0.1.0-py3.10.egg-info
[0.984s] running install_scripts
[1.008s] Installing lidar_test script to /workspace/install/navigation/bin
[1.008s] Installing obstacle_avoidance_node script to /workspace/install/navigation/bin
[1.008s] writing list of installed files to '/workspace/build/navigation/install.log'
[1.057s] Invoked command in '/workspace/src/navigation' returned '0': PYTHONPATH=/workspace/build/navigation/prefix_override:/usr/lib/python3/dist-packages/colcon_core/task/python/colcon_distutils_commands:/workspace/install/navigation/lib/python3.10/site-packages:${PYTHONPATH} /usr/bin/python3 -W ignore:setup.py install is deprecated -W ignore:easy_install command is deprecated setup.py egg_info --egg-base ../../build/navigation build --build-base /workspace/build/navigation/build install --record /workspace/build/navigation/install.log --single-version-externally-managed install_data
