[0.697s] Invoking command in '/workspace/build/vision': PYTHONPATH=/workspace/build/vision/prefix_override:/usr/lib/python3/dist-packages/colcon_core/task/python/colcon_distutils_commands:/workspace/install/vision/lib/python3.10/site-packages:${PYTHONPATH} /usr/bin/python3 -W ignore:setup.py install is deprecated -W ignore:easy_install command is deprecated setup.py develop --editable --build-directory /workspace/build/vision/build --no-deps symlink_data
[0.983s] running develop
[1.138s] running egg_info
[1.138s] creating vision.egg-info
[1.139s] writing vision.egg-info/PKG-INFO
[1.139s] writing dependency_links to vision.egg-info/dependency_links.txt
[1.139s] writing entry points to vision.egg-info/entry_points.txt
[1.139s] writing requirements to vision.egg-info/requires.txt
[1.139s] writing top-level names to vision.egg-info/top_level.txt
[1.139s] writing manifest file 'vision.egg-info/SOURCES.txt'
[1.141s] reading manifest file 'vision.egg-info/SOURCES.txt'
[1.142s] writing manifest file 'vision.egg-info/SOURCES.txt'
[1.143s] running build_ext
[1.144s] Creating /workspace/install/vision/lib/python3.10/site-packages/vision.egg-link (link to .)
[1.145s] Installing aruco_detector_node script to /workspace/install/vision/bin
[1.145s] 
[1.145s] Installed /workspace/build/vision
[1.145s] error: can't copy '/workspace/build/vision/resource/vision': doesn't exist or not a regular file
[1.145s] running symlink_data
[1.145s] creating /workspace/install/vision/share/ament_index
[1.146s] creating /workspace/install/vision/share/ament_index/resource_index
[1.146s] creating /workspace/install/vision/share/ament_index/resource_index/packages
[1.204s] Invoked command in '/workspace/build/vision' returned '1': PYTHONPATH=/workspace/build/vision/prefix_override:/usr/lib/python3/dist-packages/colcon_core/task/python/colcon_distutils_commands:/workspace/install/vision/lib/python3.10/site-packages:${PYTHONPATH} /usr/bin/python3 -W ignore:setup.py install is deprecated -W ignore:easy_install command is deprecated setup.py develop --editable --build-directory /workspace/build/vision/build --no-deps symlink_data
