running develop
running egg_info
creating vision.egg-info
writing vision.egg-info/PKG-INFO
writing dependency_links to vision.egg-info/dependency_links.txt
writing entry points to vision.egg-info/entry_points.txt
writing requirements to vision.egg-info/requires.txt
writing top-level names to vision.egg-info/top_level.txt
writing manifest file 'vision.egg-info/SOURCES.txt'
reading manifest file 'vision.egg-info/SOURCES.txt'
writing manifest file 'vision.egg-info/SOURCES.txt'
running build_ext
Creating /workspace/install/vision/lib/python3.10/site-packages/vision.egg-link (link to .)
Installing aruco_detector_node script to /workspace/install/vision/bin

Installed /workspace/build/vision
running symlink_data
creating /workspace/install/vision/share/ament_index
creating /workspace/install/vision/share/ament_index/resource_index
creating /workspace/install/vision/share/ament_index/resource_index/packages
symbolically linking /workspace/build/vision/resource/vision -> /workspace/install/vision/share/ament_index/resource_index/packages
symbolically linking /workspace/build/vision/package.xml -> /workspace/install/vision/share/vision
creating /workspace/install/vision/share/vision/launch
symbolically linking /workspace/build/vision/launch/aruco_detection.launch.py -> /workspace/install/vision/share/vision/launch
symbolically linking /workspace/build/vision/launch/camera.launch.py -> /workspace/install/vision/share/vision/launch
symbolically linking /workspace/build/vision/launch/vision_full.launch.py -> /workspace/install/vision/share/vision/launch
