[0.657s] Invoking command in '/workspace/build/vision': PYTHONPATH=/workspace/build/vision/prefix_override:/usr/lib/python3/dist-packages/colcon_core/task/python/colcon_distutils_commands:/workspace/install/vision/lib/python3.10/site-packages:${PYTHONPATH} /usr/bin/python3 -W ignore:setup.py install is deprecated -W ignore:easy_install command is deprecated setup.py develop --editable --build-directory /workspace/build/vision/build --no-deps symlink_data
[0.901s] running develop
[0.998s] running egg_info
[0.999s] creating vision.egg-info
[0.999s] writing vision.egg-info/PKG-INFO
[1.000s] writing dependency_links to vision.egg-info/dependency_links.txt
[1.001s] writing entry points to vision.egg-info/entry_points.txt
[1.001s] writing requirements to vision.egg-info/requires.txt
[1.001s] writing top-level names to vision.egg-info/top_level.txt
[1.001s] writing manifest file 'vision.egg-info/SOURCES.txt'
[1.003s] reading manifest file 'vision.egg-info/SOURCES.txt'
[1.003s] writing manifest file 'vision.egg-info/SOURCES.txt'
[1.006s] running build_ext
[1.006s] Creating /workspace/install/vision/lib/python3.10/site-packages/vision.egg-link (link to .)
[1.007s] Installing aruco_detector_node script to /workspace/install/vision/bin
[1.007s] 
[1.008s] Installed /workspace/build/vision
[1.008s] running symlink_data
[1.008s] creating /workspace/install/vision/share/ament_index
[1.009s] creating /workspace/install/vision/share/ament_index/resource_index
[1.009s] creating /workspace/install/vision/share/ament_index/resource_index/packages
[1.009s] symbolically linking /workspace/build/vision/resource/vision -> /workspace/install/vision/share/ament_index/resource_index/packages
[1.009s] symbolically linking /workspace/build/vision/package.xml -> /workspace/install/vision/share/vision
[1.009s] creating /workspace/install/vision/share/vision/launch
[1.009s] symbolically linking /workspace/build/vision/launch/aruco_detection.launch.py -> /workspace/install/vision/share/vision/launch
[1.009s] symbolically linking /workspace/build/vision/launch/camera.launch.py -> /workspace/install/vision/share/vision/launch
[1.009s] symbolically linking /workspace/build/vision/launch/vision_full.launch.py -> /workspace/install/vision/share/vision/launch
[1.060s] Invoked command in '/workspace/build/vision' returned '0': PYTHONPATH=/workspace/build/vision/prefix_override:/usr/lib/python3/dist-packages/colcon_core/task/python/colcon_distutils_commands:/workspace/install/vision/lib/python3.10/site-packages:${PYTHONPATH} /usr/bin/python3 -W ignore:setup.py install is deprecated -W ignore:easy_install command is deprecated setup.py develop --editable --build-directory /workspace/build/vision/build --no-deps symlink_data
