running egg_info
writing ../../build/vision/vision.egg-info/PKG-INFO
writing dependency_links to ../../build/vision/vision.egg-info/dependency_links.txt
writing entry points to ../../build/vision/vision.egg-info/entry_points.txt
writing requirements to ../../build/vision/vision.egg-info/requires.txt
writing top-level names to ../../build/vision/vision.egg-info/top_level.txt
reading manifest file '../../build/vision/vision.egg-info/SOURCES.txt'
writing manifest file '../../build/vision/vision.egg-info/SOURCES.txt'
running build
running build_py
copying vision/aruco_detector_node.py -> /workspace/build/vision/build/lib/vision
running install
running install_lib
copying /workspace/build/vision/build/lib/vision/aruco_detector_node.py -> /workspace/install/vision/lib/python3.10/site-packages/vision
byte-compiling /workspace/install/vision/lib/python3.10/site-packages/vision/aruco_detector_node.py to aruco_detector_node.cpython-310.pyc
running install_data
running install_egg_info
removing '/workspace/install/vision/lib/python3.10/site-packages/vision-0.1.0-py3.10.egg-info' (and everything under it)
Copying ../../build/vision/vision.egg-info to /workspace/install/vision/lib/python3.10/site-packages/vision-0.1.0-py3.10.egg-info
running install_scripts
Installing aruco_detector_node script to /workspace/install/vision/bin
writing list of installed files to '/workspace/build/vision/install.log'
