[1.282s] Invoking command in '/workspace/build/vision': PYTHONPATH=/workspace/build/vision/prefix_override:/usr/lib/python3/dist-packages/colcon_core/task/python/colcon_distutils_commands:/workspace/install/vision/lib/python3.10/site-packages:${PYTHONPATH} /usr/bin/python3 -W ignore:setup.py install is deprecated -W ignore:easy_install command is deprecated setup.py develop --editable --build-directory /workspace/build/vision/build --no-deps symlink_data --force
[1.560s] running develop
[1.680s] running egg_info
[1.681s] writing vision.egg-info/PKG-INFO
[1.682s] writing dependency_links to vision.egg-info/dependency_links.txt
[1.683s] writing entry points to vision.egg-info/entry_points.txt
[1.684s] writing requirements to vision.egg-info/requires.txt
[1.685s] writing top-level names to vision.egg-info/top_level.txt
[1.686s] reading manifest file 'vision.egg-info/SOURCES.txt'
[1.688s] writing manifest file 'vision.egg-info/SOURCES.txt'
[1.691s] running build_ext
[1.691s] Creating /workspace/install/vision/lib/python3.10/site-packages/vision.egg-link (link to .)
[1.694s] Installing aruco_detector_node script to /workspace/install/vision/bin
[1.694s] 
[1.694s] Installed /workspace/build/vision
[1.694s] running symlink_data
[1.697s] symbolically linking /workspace/build/vision/resource/vision -> /workspace/install/vision/share/ament_index/resource_index/packages
[1.698s] symbolically linking /workspace/build/vision/package.xml -> /workspace/install/vision/share/vision
[1.698s] symbolically linking /workspace/build/vision/launch/aruco_detection.launch.py -> /workspace/install/vision/share/vision/launch
[1.698s] symbolically linking /workspace/build/vision/launch/camera.launch.py -> /workspace/install/vision/share/vision/launch
[1.698s] symbolically linking /workspace/build/vision/launch/vision_full.launch.py -> /workspace/install/vision/share/vision/launch
